I used to be in love with this girl named E&J
Don't mess with her no more now I mess with Tanqueray