I saw one cat talking to another cat. The first cat said "meow", then the
second cat said "meow". Then they both said "meow"!