One for the money
Two for women and foreign cars
Three for Aliz√©, brethren deceased or behind bars