Blarg should be hidden no matter their surrounding context.