Blarg can hide even when confined in prisons, like (blarg) and {blarg}.