Possessive words should be no indicator of a blarg's whereabouts.