It doesn't matter if it's a Master Blarg or a rookie blarg.