If a blarg is already hiding in a roninjamboree, there's no need to assist.