That's a shitty picture of me.
This is a picture of poop.
The weather outside is shitty.
My bad diarrhea made the
inside of the toilet bowl gross,
and I had to clean it with a
rag, which then also became
gross.